{"step": 1, "train_loss": 1.713566541671753, "sft_train_loss": 1.5991582870483398, "validation_loss": 2.728227961063385, "validation_perplexity": 15.305740606451602, "learning_rate": 2.5000000000000002e-08, "elapsed_seconds": 0.9347731047309935, "rehearsal_ratio": 0.2, "eos_loss_weight": 1.0, "lr_schedule_steps": 4000, "long_response_ratio": 0.25, "long_response_min_tokens": 24, "rehearsal_train_loss": 2.171199321746826}
{"step": 250, "train_loss": 2.4841411113739014, "sft_train_loss": 2.423283576965332, "validation_loss": 2.730192005634308, "validation_perplexity": 15.335831303255674, "learning_rate": 4.99815405888997e-06, "elapsed_seconds": 22.786238276865333, "rehearsal_ratio": 0.2, "eos_loss_weight": 1.0, "lr_schedule_steps": 4000, "long_response_ratio": 0.25, "long_response_min_tokens": 24, "rehearsal_train_loss": 2.7275710105895996}
{"step": 500, "train_loss": 2.6079108715057373, "sft_train_loss": 2.7587718963623047, "validation_loss": 2.7293582439422606, "validation_perplexity": 15.323050203535391, "learning_rate": 4.931606493612666e-06, "elapsed_seconds": 44.51789844362065, "rehearsal_ratio": 0.2, "eos_loss_weight": 1.0, "lr_schedule_steps": 4000, "long_response_ratio": 0.25, "long_response_min_tokens": 24, "rehearsal_train_loss": 2.0044660568237305}
{"step": 750, "train_loss": 2.116795539855957, "sft_train_loss": 2.1337907314300537, "validation_loss": 2.728030836582184, "validation_perplexity": 15.302723767631322, "learning_rate": 4.772195991458549e-06, "elapsed_seconds": 66.4208691357635, "rehearsal_ratio": 0.2, "eos_loss_weight": 1.0, "lr_schedule_steps": 4000, "long_response_ratio": 0.25, "long_response_min_tokens": 24, "rehearsal_train_loss": 2.0488150119781494}
{"step": 1000, "train_loss": 2.7464144229888916, "sft_train_loss": 2.7071051597595215, "validation_loss": 2.726477766036987, "validation_perplexity": 15.27897600383612, "learning_rate": 4.526708069175201e-06, "elapsed_seconds": 88.46583210863173, "rehearsal_ratio": 0.2, "eos_loss_weight": 1.0, "lr_schedule_steps": 4000, "long_response_ratio": 0.25, "long_response_min_tokens": 24, "rehearsal_train_loss": 2.9036507606506348}
{"step": 1250, "train_loss": 2.505279779434204, "sft_train_loss": 2.6110129356384277, "validation_loss": 2.730538773536682, "validation_perplexity": 15.34115019946581, "learning_rate": 4.205592241603066e-06, "elapsed_seconds": 110.79587728297338, "rehearsal_ratio": 0.2, "eos_loss_weight": 1.0, "lr_schedule_steps": 4000, "long_response_ratio": 0.25, "long_response_min_tokens": 24, "rehearsal_train_loss": 2.0823464393615723}
{"step": 1500, "train_loss": 2.6216166019439697, "sft_train_loss": 2.5289580821990967, "validation_loss": 2.727325367927551, "validation_perplexity": 15.291931982763307, "learning_rate": 3.822517224394249e-06, "elapsed_seconds": 132.42482372699305, "rehearsal_ratio": 0.2, "eos_loss_weight": 1.0, "lr_schedule_steps": 4000, "long_response_ratio": 0.25, "long_response_min_tokens": 24, "rehearsal_train_loss": 2.99225115776062}
{"step": 1750, "train_loss": 2.36495041847229, "sft_train_loss": 2.3824377059936523, "validation_loss": 2.726549577713013, "validation_perplexity": 15.28007325210806, "learning_rate": 3.393789107233714e-06, "elapsed_seconds": 154.48483805777505, "rehearsal_ratio": 0.2, "eos_loss_weight": 1.0, "lr_schedule_steps": 4000, "long_response_ratio": 0.25, "long_response_min_tokens": 24, "rehearsal_train_loss": 2.295001268386841}
{"step": 2000, "train_loss": 2.5175609588623047, "sft_train_loss": 2.5908000469207764, "validation_loss": 2.725745415687561, "validation_perplexity": 15.267790536761131, "learning_rate": 2.93765726378154e-06, "elapsed_seconds": 176.3968762299046, "rehearsal_ratio": 0.2, "eos_loss_weight": 1.0, "lr_schedule_steps": 4000, "long_response_ratio": 0.25, "long_response_min_tokens": 24, "rehearsal_train_loss": 2.2246036529541016}
{"step": 2250, "train_loss": 2.663992166519165, "sft_train_loss": 2.6226556301116943, "validation_loss": 2.7253491401672365, "validation_perplexity": 15.261741483746944, "learning_rate": 2.47353754318835e-06, "elapsed_seconds": 199.48788680275902, "rehearsal_ratio": 0.2, "eos_loss_weight": 1.0, "lr_schedule_steps": 4000, "long_response_ratio": 0.25, "long_response_min_tokens": 24, "rehearsal_train_loss": 2.8293380737304688}
{"step": 2500, "train_loss": 2.3416450023651123, "sft_train_loss": 2.4348387718200684, "validation_loss": 2.724988865852356, "validation_perplexity": 15.256244060639634, "learning_rate": 2.0211858090541643e-06, "elapsed_seconds": 221.94303843472153, "rehearsal_ratio": 0.2, "eos_loss_weight": 1.0, "lr_schedule_steps": 4000, "long_response_ratio": 0.25, "long_response_min_tokens": 24, "rehearsal_train_loss": 1.9688698053359985}
{"step": 2750, "train_loss": 2.212608814239502, "sft_train_loss": 2.2788891792297363, "validation_loss": 2.724543595314026, "validation_perplexity": 15.249452416805525, "learning_rate": 1.5998570052270162e-06, "elapsed_seconds": 244.02032963279635, "rehearsal_ratio": 0.2, "eos_loss_weight": 1.0, "lr_schedule_steps": 4000, "long_response_ratio": 0.25, "long_response_min_tokens": 24, "rehearsal_train_loss": 1.947486400604248}
{"step": 3000, "train_loss": 2.9659550189971924, "sft_train_loss": 3.065782070159912, "validation_loss": 2.723329496383667, "validation_perplexity": 15.230949307513182, "learning_rate": 1.2274855439066953e-06, "elapsed_seconds": 265.8689520438202, "rehearsal_ratio": 0.2, "eos_loss_weight": 1.0, "lr_schedule_steps": 4000, "long_response_ratio": 0.25, "long_response_min_tokens": 24, "rehearsal_train_loss": 2.5666465759277344}
{"step": 3250, "train_loss": 2.91989803314209, "sft_train_loss": 3.2442548274993896, "validation_loss": 2.722459638118744, "validation_perplexity": 15.217706300979785, "learning_rate": 9.199219039071183e-07, "elapsed_seconds": 287.8314978578128, "rehearsal_ratio": 0.2, "eos_loss_weight": 1.0, "lr_schedule_steps": 4000, "long_response_ratio": 0.25, "long_response_min_tokens": 24, "rehearsal_train_loss": 1.6224701404571533}
{"step": 3500, "train_loss": 2.595726728439331, "sft_train_loss": 2.525984287261963, "validation_loss": 2.7205453276634217, "validation_perplexity": 15.188602752203355, "learning_rate": 6.902579342718734e-07, "elapsed_seconds": 309.77767598070204, "rehearsal_ratio": 0.2, "eos_loss_weight": 1.0, "lr_schedule_steps": 4000, "long_response_ratio": 0.25, "long_response_min_tokens": 24, "rehearsal_train_loss": 2.8746957778930664}
{"step": 3750, "train_loss": 2.1447224617004395, "sft_train_loss": 2.2027366161346436, "validation_loss": 2.72097624540329, "validation_perplexity": 15.195149200962241, "learning_rate": 5.482695825779201e-07, "elapsed_seconds": 332.0871067517437, "rehearsal_ratio": 0.2, "eos_loss_weight": 1.0, "lr_schedule_steps": 4000, "long_response_ratio": 0.25, "long_response_min_tokens": 24, "rehearsal_train_loss": 1.9126665592193604}
{"step": 4000, "train_loss": 2.404301166534424, "sft_train_loss": 2.577859878540039, "validation_loss": 2.720872640609741, "validation_perplexity": 15.193574992215527, "learning_rate": 5.000007689268919e-07, "elapsed_seconds": 353.7159564876929, "rehearsal_ratio": 0.2, "eos_loss_weight": 1.0, "lr_schedule_steps": 4000, "long_response_ratio": 0.25, "long_response_min_tokens": 24, "rehearsal_train_loss": 1.7100658416748047}
{
  "format": "chat-sft-torch-training-v1",
  "backend": "pytorch-cuda",
  "runtime": {
    "torch": "2.9.1+cu128",
    "cuda": "12.8",
    "device": "cuda",
    "amp_enabled": true,
    "gpu_name": "NVIDIA A40",
    "gpu_capability": [
      8,
      6
    ],
    "gpu_total_memory_bytes": 47697690624,
    "peak_memory_allocated_bytes": 1490586112,
    "peak_memory_reserved_bytes": 1598029824
  },
  "inputs": {
    "config_sha256": "2f3ca624f38cd9a03e3c850a71cadd41bfb44fd2f1cc165b944cfe18269f3d76",
    "tokenizer_sha256": "5bde054fb91da54cbf56673a6d25b630399d95ec331049e5fa2af1a8d60731e4",
    "train_data_sha256": "30d4c6de43391fcfedfc46966067d09c0f9f86d41a04aa15060d64214bd09e26",
    "validation_data_sha256": "95b6729ea46821d247ced049a0f06eef607c2d5ceb8e76cbcb8d337bebd8ad35",
    "base_checkpoint_sha256": "333456ca779477bba5191e1acce5414a9a48b4d7acb1336207f97a8da301ad20",
    "rehearsal_tokens_sha256": "d74a1820f09582f40538a42d34d8e3057261329dccd00df109991f36f8df8090"
  },
  "parameter_count": 50207616,
  "training_intervals": {
    "eval_interval": 250,
    "sample_interval": 250,
    "checkpoint_interval": 500
  },
  "keep_periodic_checkpoints": 1,
  "start_step": 0,
  "final_step": 4000,
  "lr_schedule_steps": 4000,
  "best_checkpoint": "best.pt",
  "best_checkpoint_step": 3500,
  "best_validation_loss": 2.7205453276634217,
  "base_checkpoint": "/workspace/exp100/artifacts/checkpoints/issue1-exp116-conversation-rebalance-sft-runpod-4k/best.pt",
  "train_examples": 130784,
  "validation_examples": 49207,
  "rehearsal_tokens": "/workspace/exp100/artifacts/tokens/mixed-ja-80-10-10-v2-train.bin",
  "rehearsal_ratio": 0.2,
  "elapsed_seconds": 354.1048430260271,
  "sample_prompt": {
    "text": "今日は天気がいいですね。",
    "template": "conversation",
    "speaker_a": "DA",
    "speaker_b": "DC"
  },
  "exclude_eos_from_sft_loss": false,
  "eos_loss_weight": 1.0,
  "long_response_ratio": 0.25,
  "long_response_min_tokens": 24
}
