{"step": 1, "train_loss": 2.0216379165649414, "sft_train_loss": 1.8997248411178589, "validation_loss": 2.919157087802887, "validation_perplexity": 18.525665367347944, "learning_rate": 3.0000000000000004e-08, "elapsed_seconds": 0.9004207919351757, "rehearsal_ratio": 0.2, "eos_loss_weight": 1.0, "lr_schedule_steps": 1000, "long_response_ratio": 0.0, "long_response_min_tokens": 32, "rehearsal_train_loss": 2.5092899799346924}
{"step": 250, "train_loss": 2.2342448234558105, "sft_train_loss": 1.982303261756897, "validation_loss": 2.9164446234703063, "validation_perplexity": 18.475483250170928, "learning_rate": 2.8214833620480535e-06, "elapsed_seconds": 20.66964985616505, "rehearsal_ratio": 0.2, "eos_loss_weight": 1.0, "lr_schedule_steps": 1000, "long_response_ratio": 0.0, "long_response_min_tokens": 32, "rehearsal_train_loss": 3.2420105934143066}
{"step": 500, "train_loss": 2.474510669708252, "sft_train_loss": 2.5837597846984863, "validation_loss": 2.9149476408958437, "validation_perplexity": 18.447846464744813, "learning_rate": 1.8890643994314375e-06, "elapsed_seconds": 40.725293395109475, "rehearsal_ratio": 0.2, "eos_loss_weight": 1.0, "lr_schedule_steps": 1000, "long_response_ratio": 0.0, "long_response_min_tokens": 32, "rehearsal_train_loss": 2.0375146865844727}
{"step": 750, "train_loss": 2.242994785308838, "sft_train_loss": 2.1079790592193604, "validation_loss": 2.9124020457267763, "validation_perplexity": 18.400945436746376, "learning_rate": 7.858519056953099e-07, "elapsed_seconds": 61.15393692208454, "rehearsal_ratio": 0.2, "eos_loss_weight": 1.0, "lr_schedule_steps": 1000, "long_response_ratio": 0.0, "long_response_min_tokens": 32, "rehearsal_train_loss": 2.783057689666748}
{"step": 1000, "train_loss": 2.7258903980255127, "sft_train_loss": 2.8476614952087402, "validation_loss": 2.911411964893341, "validation_perplexity": 18.382736029232547, "learning_rate": 3.0000822466198294e-07, "elapsed_seconds": 81.25984075013548, "rehearsal_ratio": 0.2, "eos_loss_weight": 1.0, "lr_schedule_steps": 1000, "long_response_ratio": 0.0, "long_response_min_tokens": 32, "rehearsal_train_loss": 2.238804817199707}
{
  "format": "chat-sft-torch-training-v1",
  "backend": "pytorch-cuda",
  "runtime": {
    "torch": "2.9.1+cu128",
    "cuda": "12.8",
    "device": "cuda",
    "amp_enabled": true,
    "gpu_name": "NVIDIA A40",
    "gpu_capability": [
      8,
      6
    ],
    "gpu_total_memory_bytes": 47697690624,
    "peak_memory_allocated_bytes": 1490586112,
    "peak_memory_reserved_bytes": 1598029824
  },
  "inputs": {
    "config_sha256": "409cd853ffa50ce3359eb6a048c9bab12c3cee5a0dfb84cb7e6efd5a12b30f74",
    "tokenizer_sha256": "5bde054fb91da54cbf56673a6d25b630399d95ec331049e5fa2af1a8d60731e4",
    "train_data_sha256": "99fc5e82cefc7efd7e4eb69bb5250d794526313c4ae6e54eeee862673100b262",
    "validation_data_sha256": "95b6729ea46821d247ced049a0f06eef607c2d5ceb8e76cbcb8d337bebd8ad35",
    "base_checkpoint_sha256": "1652603515b24e0538abeba01a63c53da1af4de87b51738b90acebe7326b9149",
    "rehearsal_tokens_sha256": "d74a1820f09582f40538a42d34d8e3057261329dccd00df109991f36f8df8090"
  },
  "parameter_count": 50207616,
  "training_intervals": {
    "eval_interval": 250,
    "sample_interval": 250,
    "checkpoint_interval": 500
  },
  "keep_periodic_checkpoints": 1,
  "start_step": 0,
  "final_step": 1000,
  "lr_schedule_steps": 1000,
  "best_checkpoint": "best.pt",
  "best_checkpoint_step": 1000,
  "best_validation_loss": 2.911411964893341,
  "base_checkpoint": "/workspace/exp100/artifacts/checkpoints/issue1-balanced-pretrain-general-medical-sft-runpod-8k/best.pt",
  "train_examples": 133621,
  "validation_examples": 49207,
  "rehearsal_tokens": "/workspace/exp100/artifacts/tokens/mixed-ja-80-10-10-v2-train.bin",
  "rehearsal_ratio": 0.2,
  "elapsed_seconds": 81.97899641515687,
  "sample_prompt": {
    "text": "こんにちは！",
    "template": "conversation",
    "speaker_a": "DA",
    "speaker_b": "DC"
  },
  "exclude_eos_from_sft_loss": false,
  "eos_loss_weight": 1.0,
  "long_response_ratio": 0.0,
  "long_response_min_tokens": 32
}
